src/navigation/index.tsx(5,10): error TS2459: Module '"../auth/AuthContext"' declares 'AuthContext' locally, but it is not exported.
src/navigation/index.tsx(9,11): error TS2339: Property 'user' does not exist on type 'unknown'.
src/navigation/index.tsx(9,17): error TS2339: Property 'loading' does not exist on type 'unknown'.
